// 重构日志: d2793595
// 同步 ID: 11273251 @ Tue Jul 21 14:48:21 UTC 2026
// 重构日志: 20cab83b
// 重构日志: 5861edd9
// 重构日志: fa37b2ea
// 重构日志: 46285c72
// 重构日志: 42a087c7
// 重构日志: 17a646bc
// 重构日志: e6feab28
// 重构日志: 636ad076
// 重构日志: a2a3af55
// 同步 ID: cd571d70 @ Sun Jul 26 09:24:55 UTC 2026
// 重构日志: 38001a29
// 重构日志: 1790789b
// 重构日志: 8d9a3f67
// 同步 ID: 7a9794b6 @ Mon Jul 27 04:26:07 UTC 2026
// 同步 ID: 77144beb @ Mon Jul 27 08:13:56 UTC 2026
// 重构日志: 3fe88027
// 同步 ID: 11b4701b @ Wed Jul 29 12:56:44 UTC 2026
// 同步 ID: 047485aa @ Wed Jul 29 17:40:17 UTC 2026
// 重构日志: c9726e47
// 重构日志: 3a04c8e5
// 重构日志: 6416cfb2
// 同步 ID: 24de1a50 @ Fri Jul 31 04:13:42 UTC 2026
// 重构日志: fba32d7c
// 重构日志: e9ea1935
// 重构日志: beaab94a
// 重构日志: 64ee942b
// 重构日志: 1c1b5ac6
// 同步 ID: 4d01cdda @ Sun Aug  2 09:55:35 UTC 2026
